#-----------------------------------------------------------
# Vivado v2023.1.1 (64-bit)
# SW Build 3900603 on Fri Jun 16 19:31:24 MDT 2023
# IP Build 3900379 on Sat Jun 17 05:28:05 MDT 2023
# SharedData Build 3899622 on Fri Jun 16 03:34:24 MDT 2023
# Start of session at: Mon Feb  5 18:03:39 2024
# Process ID: 11896
# Current directory: C:/Users/feffe/OneDrive - Università di Napoli Federico II/Universita'/Architettura dei Sistemi Digitali/ESERCIZIO
# Command line: vivado.exe -gui_launcher_event rodinguilauncherevent14304 C:\Users\feffe\OneDrive - Università di Napoli Federico II\Universita'\Architettura dei Sistemi Digitali\ESERCIZIO\ESERCIZIO.xpr
# Log file: C:/Users/feffe/OneDrive - Università di Napoli Federico II/Universita'/Architettura dei Sistemi Digitali/ESERCIZIO/vivado.log
# Journal file: C:/Users/feffe/OneDrive - Università di Napoli Federico II/Universita'/Architettura dei Sistemi Digitali/ESERCIZIO\vivado.jou
# Running On: Laptop-Fede, OS: Windows, CPU Frequency: 1498 MHz, CPU Physical cores: 4, Host memory: 16527 MB
#-----------------------------------------------------------
start_gui
open_project {C:/Users/feffe/OneDrive - Università di Napoli Federico II/Universita'/Architettura dei Sistemi Digitali/ESERCIZIO/ESERCIZIO.xpr}
update_compile_order -fileset sources_1
synth_design -rtl -rtl_skip_mlo -name rtl_1
